rate: 240 invocations, 6 at a time
  [1/240] rated pat-009/auditor
  [2/240] rated pat-011/practitioner
  [3/240] rated pat-009/researcher
  [4/240] rated pat-011/researcher
  [5/240] rated pat-009/practitioner
  [6/240] rated pat-011/auditor
  [7/240] rated pat-013/researcher
  [8/240] rated pat-013/practitioner
  [9/240] rated pat-013/auditor
  [10/240] rated pat-082/researcher
  [11/240] rated pat-012/researcher
  [12/240] rated pat-082/practitioner
  [13/240] rated pat-082/auditor
  [14/240] rated pat-012/practitioner
  [15/240] rated pat-012/auditor
  [16/240] rated pat-090/practitioner
  [17/240] rated pat-090/auditor
  [18/240] rated pat-090/researcher
  [19/240] rated pat-015/practitioner
  [20/240] rated pat-015/researcher
  [21/240] rated pat-015/auditor
  [22/240] rated pat-022/practitioner
  [23/240] rated pat-027/practitioner
  [24/240] rated pat-022/auditor
  [25/240] rated pat-022/researcher
  [26/240] rated pat-027/researcher
  [27/240] rated pat-027/auditor
  [28/240] rated pat-034/practitioner
  [29/240] rated pat-032/researcher
  [30/240] rated pat-032/practitioner
  [31/240] rated pat-032/auditor
  [32/240] rated pat-035/practitioner
  [33/240] rated pat-034/researcher
  [34/240] rated pat-035/auditor
  [35/240] rated pat-035/researcher
  [36/240] rated pat-034/auditor
  [37/240] rated pat-039/practitioner
  [38/240] rated pat-039/researcher
  [39/240] rated pat-039/auditor
  [40/240] rated pat-040/practitioner
  [41/240] rated pat-040/auditor
  [42/240] rated pat-040/researcher
  [43/240] rated pat-059/practitioner
  [44/240] rated pat-059/researcher
  [45/240] rated pat-059/auditor
  [46/240] rated pat-092/practitioner
  [47/240] rated pat-092/researcher
  [48/240] rated pat-092/auditor
  [49/240] rated pat-093/practitioner
  [50/240] rated pat-093/auditor
  [51/240] rated pat-093/researcher
  [52/240] rated pat-033/practitioner
  [53/240] rated pat-033/researcher
  [54/240] rated pat-067/practitioner
  [55/240] rated pat-067/researcher
  [56/240] rated pat-067/auditor
  [57/240] rated pat-033/auditor
  [58/240] rated pat-071/practitioner
  [59/240] rated pat-071/researcher
  [60/240] rated pat-071/auditor
  [61/240] rated pat-072/practitioner
  [62/240] rated pat-072/researcher
  [63/240] rated pat-068/practitioner
  [64/240] rated pat-072/auditor
  [65/240] rated pat-068/researcher
  [66/240] rated pat-068/auditor
  [67/240] rated pat-002/practitioner
  [68/240] rated pat-004/researcher
  [69/240] rated pat-004/practitioner
  [70/240] rated pat-004/auditor
  [71/240] rated pat-002/auditor
  [72/240] rated pat-002/researcher
  [73/240] rated pat-006/practitioner
  [74/240] rated pat-006/auditor
  [75/240] rated pat-006/researcher
  [76/240] rated pat-005/practitioner
  [77/240] rated pat-005/auditor
  [78/240] rated pat-005/researcher
  [79/240] rated pat-007/practitioner
  [80/240] rated pat-007/auditor
  [81/240] rated pat-007/researcher
  [82/240] rated pat-041/practitioner
  [83/240] rated pat-041/researcher
  [84/240] rated pat-041/auditor
  [85/240] rated pat-010/practitioner
  [86/240] rated pat-010/researcher
  [87/240] rated pat-010/auditor
  [88/240] rated pat-018/practitioner
  [89/240] rated pat-018/researcher
  [90/240] rated pat-019/practitioner
  [91/240] rated pat-018/auditor
  [92/240] rated pat-019/researcher
  [93/240] rated pat-019/auditor
  [94/240] rated pat-021/practitioner
  [95/240] rated pat-029/practitioner
  [96/240] rated pat-024/practitioner
  [97/240] rated pat-021/researcher
  [98/240] rated pat-021/auditor
  [99/240] rated pat-024/researcher
  [100/240] rated pat-029/auditor
  [101/240] rated pat-029/researcher
  [102/240] rated pat-024/auditor
  [103/240] rated pat-030/practitioner
  [104/240] rated pat-030/auditor
  [105/240] rated pat-030/researcher
  [106/240] rated pat-096/practitioner
  [107/240] rated pat-095/researcher
  [108/240] rated pat-095/practitioner
  [109/240] rated pat-095/auditor
  [110/240] rated pat-096/auditor
  [111/240] rated pat-096/researcher
  [112/240] rated pat-097/practitioner
  [113/240] rated pat-097/researcher
  [114/240] rated pat-097/auditor
  [115/240] rated pat-016/practitioner
  [116/240] rated pat-016/auditor
  [117/240] rated pat-016/researcher
  [118/240] rated pat-017/practitioner
  [119/240] rated pat-017/researcher
  [120/240] rated pat-017/auditor
  [121/240] rated pat-023/practitioner
  [122/240] rated pat-023/auditor
  [123/240] rated pat-023/researcher
  [124/240] rated pat-080/researcher
  [125/240] rated pat-080/practitioner
  [126/240] rated pat-080/auditor
  [127/240] rated pat-001/practitioner
  [128/240] rated pat-001/auditor
  [129/240] rated pat-020/practitioner
  [130/240] rated pat-001/researcher
  [131/240] rated pat-020/researcher
  [132/240] rated pat-028/practitioner
  [133/240] rated pat-025/practitioner
  [134/240] rated pat-020/auditor
  [135/240] rated pat-031/practitioner
  [136/240] rated pat-025/researcher
  [137/240] rated pat-028/auditor
  [138/240] rated pat-031/researcher
  [139/240] rated pat-025/auditor
  [140/240] rated pat-028/researcher
  [141/240] rated pat-031/auditor
  [142/240] rated pat-036/practitioner
  [143/240] rated pat-036/researcher
  [144/240] rated pat-036/auditor
  [145/240] rated pat-037/auditor
  [146/240] rated pat-037/researcher
  [147/240] rated pat-037/practitioner
  [148/240] rated pat-038/practitioner
  [149/240] rated pat-038/researcher
  [150/240] rated pat-038/auditor
  [151/240] rated pat-051/researcher
  [152/240] rated pat-051/practitioner
  [153/240] rated pat-051/auditor
  [154/240] rated pat-052/practitioner
  [155/240] rated pat-053/practitioner
  [156/240] rated pat-052/auditor
  [157/240] rated pat-052/researcher
  [158/240] rated pat-053/researcher
  [159/240] rated pat-055/practitioner
  [160/240] rated pat-055/researcher
  [161/240] rated pat-053/auditor
  [162/240] rated pat-055/auditor
  [163/240] rated pat-054/researcher
  [164/240] rated pat-054/auditor
  [165/240] rated pat-054/practitioner
  [166/240] rated pat-042/researcher
  [167/240] rated pat-042/practitioner
  [168/240] rated pat-042/auditor
  [169/240] rated pat-044/practitioner
  [170/240] rated pat-044/researcher
  [171/240] rated pat-044/auditor
  [172/240] rated pat-045/researcher
  [173/240] rated pat-045/practitioner
  [174/240] rated pat-047/researcher
  [175/240] rated pat-045/auditor
  [176/240] rated pat-047/practitioner
  [177/240] rated pat-094/practitioner
  [178/240] rated pat-047/auditor
  [179/240] rated pat-094/researcher
  [180/240] rated pat-094/auditor
  [181/240] rated pat-048/researcher
  [182/240] rated pat-026/practitioner
  [183/240] rated pat-026/researcher
  [184/240] rated pat-048/practitioner
  [185/240] rated pat-048/auditor
  [186/240] rated pat-026/auditor
  [187/240] rated pat-057/practitioner
  [188/240] rated pat-057/researcher
  [189/240] rated pat-086/practitioner
  [190/240] rated pat-086/auditor
  [191/240] rated pat-057/auditor
  [192/240] rated pat-086/researcher
  [193/240] rated pat-087/practitioner
  [194/240] rated pat-088/practitioner
  [195/240] rated pat-087/researcher
  [196/240] rated pat-088/researcher
  [197/240] rated pat-087/auditor
  [198/240] rated pat-088/auditor
  [199/240] rated pat-089/researcher
  [200/240] rated pat-089/practitioner
  [201/240] rated pat-091/practitioner
  [202/240] rated pat-091/researcher
  [203/240] rated pat-091/auditor
  [204/240] rated pat-089/auditor
  [205/240] rated pat-043/practitioner
  [206/240] rated pat-043/researcher
  [207/240] rated pat-043/auditor
  [208/240] rated pat-049/researcher
  [209/240] rated pat-049/practitioner
  [210/240] rated pat-050/practitioner
  [211/240] rated pat-050/researcher
  [212/240] rated pat-050/auditor
  [213/240] rated pat-049/auditor
  [214/240] rated pat-060/researcher
  [215/240] rated pat-060/auditor
  [216/240] rated pat-061/practitioner
  [217/240] rated pat-060/practitioner
  [218/240] rated pat-061/researcher
  [219/240] rated pat-061/auditor
  [220/240] rated pat-062/practitioner
  [221/240] rated pat-062/auditor
  [222/240] rated pat-062/researcher
  [223/240] rated pat-064/practitioner
  [224/240] rated pat-065/practitioner
  [225/240] rated pat-064/researcher
  [226/240] rated pat-065/researcher
  [227/240] rated pat-065/auditor
  [228/240] rated pat-063/researcher
  [229/240] rated pat-063/practitioner
  [230/240] rated pat-064/auditor
  [231/240] rated pat-063/auditor
  [232/240] rated pat-074/practitioner
  [233/240] rated pat-076/researcher
  [234/240] rated pat-074/researcher
  [235/240] rated pat-076/practitioner
  [236/240] rated pat-074/auditor
  [237/240] rated pat-078/practitioner
  [238/240] rated pat-076/auditor
  [239/240] rated pat-078/auditor
  [240/240] rated pat-078/researcher

rate complete in 58.9 min
